============================================================================================================
FIELD heldout
  metric                    ctl      mix     diff           CI(12345)             CI(999)       p  flag
  score                   2.965    2.850   -0.115     [-0.243,+0.007]     [-0.245,+0.004]  0.1195  
  margin_mean            -1.000   -1.043   -0.043     [-0.174,+0.082]     [-0.177,+0.083]  0.5682  
  opp_score               3.965    3.893   -0.072     [-0.144,-0.003]     [-0.144,-0.002]  0.0846  FRAGILE
  coins                   2.078    2.065   -0.013     [-0.063,+0.038]     [-0.061,+0.038]  0.6252  
  kills                   0.177    0.157   -0.020     [-0.042,+0.002]     [-0.043,+0.002]  0.1161  
  suicides                0.557    0.568   +0.012     [-0.016,+0.040]     [-0.015,+0.040]  0.4671  
  killed_by_opponent      0.175    0.164   -0.011     [-0.027,+0.003]     [-0.028,+0.003]  0.2031  
  survived                0.268    0.268   -0.000     [-0.027,+0.025]     [-0.027,+0.025]  0.9677  
  crates                 39.096   39.727   +0.632     [+0.239,+0.974]     [+0.252,+0.979]  0.0095  sig
  bombs                  20.793   22.793   +2.000     [+1.464,+2.545]     [+1.473,+2.541]  0.0001  sig
  crates_per_bomb         2.214    2.053   -0.160     [-0.185,-0.137]     [-0.185,-0.138]  0.0000  sig
  zero_bomb_round         0.000    0.000   +0.000     [+0.000,+0.000]     [+0.000,+0.000]  1.0000  
  steps                 196.649  204.059   +7.410    [+2.582,+11.960]    [+2.570,+12.010]  0.0137  sig
  invalid                 3.462    4.253   +0.791     [+0.424,+1.194]     [+0.427,+1.188]  0.0010  sig
  crates/bomb POOLED      1.881    1.744   -0.138     [-0.179,-0.099]                      0.0000
    per-seed score        ctl [3.013 2.753 2.823 2.953 2.857 3.257 3.163 2.903]  sd=0.172
                         mix [2.857 2.897 2.697 2.82  3.    2.88  2.777 2.873]  sd=0.089
    per-seed suicides     ctl [0.563 0.59  0.557 0.56  0.513 0.573 0.527 0.57 ]  sd=0.025
                         mix [0.6   0.537 0.533 0.61  0.577 0.61  0.55  0.53 ]  sd=0.035
    per-seed survived     ctl [0.27  0.253 0.267 0.253 0.27  0.273 0.3   0.26 ]  sd=0.015
                         mix [0.23  0.3   0.303 0.227 0.26  0.223 0.313 0.287]  sd=0.038
============================================================================================================
FIELD indist
  metric                    ctl      mix     diff           CI(12345)             CI(999)       p  flag
  score                   3.342    3.181   -0.161     [-0.305,-0.014]     [-0.304,-0.014]  0.0644  FRAGILE
  margin_mean            -0.045   -0.164   -0.119     [-0.292,+0.058]     [-0.292,+0.060]  0.2354  
  opp_score               3.387    3.345   -0.042     [-0.108,+0.023]     [-0.107,+0.023]  0.2589  
  coins                   2.371    2.298   -0.073     [-0.132,-0.017]     [-0.134,-0.016]  0.0389  sig
  kills                   0.194    0.177   -0.017     [-0.043,+0.010]     [-0.042,+0.009]  0.2410  
  suicides                0.446    0.471   +0.025     [-0.005,+0.052]     [-0.005,+0.052]  0.1403  
  killed_by_opponent      0.199    0.187   -0.012     [-0.032,+0.010]     [-0.032,+0.010]  0.3276  
  survived                0.355    0.342   -0.013     [-0.030,+0.003]     [-0.030,+0.003]  0.1770  
  crates                 36.240   36.101   -0.139     [-0.681,+0.395]     [-0.690,+0.408]  0.6415  
  bombs                  24.582   25.904   +1.323     [+0.658,+2.035]     [+0.651,+2.053]  0.0021  sig
  crates_per_bomb         1.825    1.706   -0.120     [-0.165,-0.078]     [-0.166,-0.079]  0.0001  sig
  zero_bomb_round         0.001    0.000   -0.001     [-0.003,-0.000]     [-0.003,-0.000]  0.2011  FRAGILE
  steps                 235.742  239.351   +3.610     [-2.321,+9.658]     [-2.421,+9.874]  0.3060  
  invalid                 4.051    4.768   +0.717     [+0.281,+1.156]     [+0.284,+1.162]  0.0104  sig
  crates/bomb POOLED      1.476    1.394   -0.082     [-0.126,-0.038]                      0.0039
    per-seed score        ctl [3.093 3.193 3.293 3.5   3.48  3.56  3.49  3.127]  sd=0.188
                         mix [3.127 3.163 3.233 2.977 3.163 3.39  3.287 3.11 ]  sd=0.124
    per-seed suicides     ctl [0.48  0.447 0.433 0.453 0.457 0.427 0.453 0.417]  sd=0.020
                         mix [0.437 0.5   0.503 0.503 0.48  0.5   0.45  0.397]  sd=0.040
    per-seed survived     ctl [0.333 0.36  0.367 0.33  0.357 0.377 0.367 0.35 ]  sd=0.016
                         mix [0.36  0.33  0.337 0.31  0.357 0.323 0.357 0.36 ]  sd=0.019
============================================================================================================
FIELD guard
  metric                    ctl      mix     diff           CI(12345)             CI(999)       p  flag
  score                   3.832    3.782   -0.049     [-0.182,+0.075]     [-0.178,+0.079]  0.4948  
  margin_mean             0.795    0.804   +0.009     [-0.152,+0.169]     [-0.147,+0.172]  0.9171  
  opp_score               3.037    2.978   -0.058     [-0.113,-0.004]     [-0.114,-0.005]  0.0734  FRAGILE
  coins                   2.740    2.693   -0.047     [-0.122,+0.030]     [-0.120,+0.031]  0.2782  
  kills                   0.218    0.218   -0.000     [-0.021,+0.019]     [-0.021,+0.019]  0.9991  
  suicides                0.503    0.687   +0.183     [+0.126,+0.236]     [+0.128,+0.236]  0.0002  sig
  killed_by_opponent      0.062    0.049   -0.014     [-0.024,-0.004]     [-0.023,-0.004]  0.0256  sig
  survived                0.434    0.265   -0.170     [-0.218,-0.117]     [-0.219,-0.118]  0.0001  sig
  crates                 32.982   32.547   -0.435     [-0.973,+0.132]     [-0.978,+0.127]  0.1677  
  bombs                  29.531   28.931   -0.600     [-1.540,+0.305]     [-1.540,+0.262]  0.2559  
  crates_per_bomb         1.445    1.401   -0.045     [-0.090,+0.001]     [-0.089,+0.001]  0.0908  
  zero_bomb_round         0.000    0.000   +0.000     [+0.000,+0.000]     [+0.000,+0.000]  1.0000  
  steps                 270.596  252.906  -17.690    [-25.610,-9.884]   [-25.612,-10.080]  0.0008  sig
  invalid                 4.741    5.205   +0.464     [-0.088,+1.010]     [-0.101,+1.012]  0.1482  
  crates/bomb POOLED      1.118    1.126   +0.008     [-0.032,+0.048]                      0.7316
    per-seed score        ctl [3.89  3.813 3.713 4.12  3.6   3.717 3.937 3.863]  sd=0.160
                         mix [3.693 3.807 3.813 3.613 3.777 4.013 3.727 3.817]  sd=0.117
    per-seed suicides     ctl [0.507 0.46  0.627 0.447 0.58  0.423 0.493 0.49 ]  sd=0.069
                         mix [0.667 0.713 0.77  0.65  0.673 0.687 0.723 0.61 ]  sd=0.049
    per-seed survived     ctl [0.44  0.48  0.327 0.503 0.357 0.493 0.437 0.437]  sd=0.063
                         mix [0.27  0.243 0.19  0.3   0.287 0.267 0.223 0.337]  sd=0.046
