group                                      seeds  rnds        score     suicides     survived        steps        kills      sui<200  P(alive200)     haz>=200
E37 PLB2 s100-107 (as eval'd in E37)           8  1000        3.897        0.515        0.431      271.369        0.229        0.323        0.632        0.301
   (between-seed sd)                                          0.133        0.059        0.058        8.289        0.014        0.022        0.026        0.104
E37 PLB2 s108-114 (unused by E42)              7  1000        3.892        0.490        0.451      272.493        0.226        0.321        0.629        0.268
   (between-seed sd)                                          0.131        0.017        0.019        4.046        0.018        0.010        0.012        0.027
E38 s120-124 @20k (post-cleanup code)          5  1000        3.976        0.478        0.457      268.265        0.243        0.334        0.614        0.235
   (between-seed sd)                                          0.145        0.016        0.021        5.496        0.022        0.013        0.013        0.021
E42 ctl s100-107 (re-eval 08-19)               8   300        3.832        0.503        0.434      270.596        0.218        0.319        0.633        0.292
   (between-seed sd)                                          0.160        0.069        0.063        8.751        0.019        0.023        0.020        0.102
E42 mix s200-207                               8   300        3.782        0.687        0.265      252.906        0.218        0.328        0.628        0.570
   (between-seed sd)                                          0.117        0.049        0.046        8.428        0.025        0.026        0.027        0.075

Per-seed suicides, E37 eval vs E42 re-eval of the SAME eight tables:
   s100  E37 0.498   E42 0.507   d +0.009
   s101  E37 0.476   E42 0.460   d -0.016
   s102  E37 0.644   E42 0.627   d -0.017
   s103  E37 0.473   E42 0.447   d -0.026
   s104  E37 0.512   E42 0.580   d +0.068
   s105  E37 0.473   E42 0.423   d -0.050
   s106  E37 0.486   E42 0.493   d +0.007
   s107  E37 0.555   E42 0.490   d -0.065
   mean diff -0.0113
