rows with any policy-distribution difference: 2092
  TV >= 0.5 (majority disagreement): 402
  TV == 1.0 (unanimous disagreement): 9
  of the TV==1 rows, touched by ctl: 5, by mix: 9, by both: 5

top 20 rows by TV distance:
    row    TV  n1 n2 n3 n4  d5 d6 d7 d8   ctl argmax(frac)          mix argmax(frac)
   3511  1.00  0  0  3  2   0  1  0  1   UP    (0.88)            DOWN  (0.38)
  19335  1.00  1  0  3  1   1  3  1  0   UP    (1.00)            DOWN  (0.75)
  18740  1.00  1  0  2  2   4  4  0  0   UP    (1.00)            WAIT  (0.50)
  44725  1.00  2  3  0  2   4  2  1  0   UP    (1.00)            RIGHT (0.25)
    516  1.00  0  0  0  2   0  1  1  1   UP    (1.00)            LEFT  (0.75)
  15528  1.00  0  3  3  2   0  2  1  3   UP    (1.00)            BOMB  (0.50)
  15527  1.00  0  3  3  2   0  2  1  2   UP    (1.00)            LEFT  (0.38)
  27235  1.00  1  2  3  0   4  3  1  0   UP    (0.88)            RIGHT (0.38)
  32786  1.00  2  0  0  3   0  3  1  1   UP    (1.00)            WAIT  (0.50)
  10627  0.88  0  2  2  2   2  2  1  2   UP    (1.00)            RIGHT (0.38)
  11037  0.88  0  2  3  0   0  3  1  2   UP    (1.00)            RIGHT (0.38)
  11046  0.88  0  2  3  0   0  4  1  1   UP    (0.75)            BOMB  (0.62)
  27735  0.88  1  2  3  2   4  3  1  0   UP    (1.00)            RIGHT (0.25)
  12531  0.88  0  3  0  2   0  3  0  1   UP    (0.88)            LEFT  (0.50)
  10177  0.88  0  2  2  0   3  2  1  2   UP    (1.00)            RIGHT (0.38)
  42637  0.88  2  2  2  2   2  3  1  2   UP    (0.88)            WAIT  (0.38)
  19186  0.88  1  0  3  0   3  3  1  1   RIGHT (0.88)            BOMB  (0.62)
  63541  0.88  3  3  3  2   0  4  0  1   UP    (0.62)            LEFT  (0.38)
  14625  0.88  0  3  2  2   2  2  1  0   UP    (1.00)            WAIT  (0.38)
   9552  0.88  0  2  1  2   1  0  0  2   UP    (1.00)            LEFT  (0.50)

net action-mass shift over the 5126 rows touched by both arms:
  UP     ctl 0.3120   mix 0.2740   -0.0380
  RIGHT  ctl 0.1598   mix 0.1691   +0.0093
  DOWN   ctl 0.1549   mix 0.1646   +0.0097
  LEFT   ctl 0.1508   mix 0.1588   +0.0081
  WAIT   ctl 0.1114   mix 0.1164   +0.0050
  BOMB   ctl 0.1111   mix 0.1171   +0.0059

same, danger rows only (3022):
  UP     ctl 0.3205   mix 0.2785   -0.0420
  RIGHT  ctl 0.1642   mix 0.1755   +0.0113
  DOWN   ctl 0.1608   mix 0.1724   +0.0116
  LEFT   ctl 0.1632   mix 0.1725   +0.0093
  WAIT   ctl 0.1102   mix 0.1146   +0.0045
  BOMB   ctl 0.0812   mix 0.0865   +0.0054
