field    metric                diff      bootstrap CI (E42)              Welch t CI   perm p      t p  verdict
heldout  margin_mean         -0.043        [-0.176, +0.082]        [-0.204, +0.117]   0.5682   0.5541  AGREE
                           bootstrap width 0.258   t width 0.322   ratio 0.80
heldout  score               -0.115        [-0.243, +0.007]        [-0.267, +0.036]   0.1195   0.1217  AGREE
                           bootstrap width 0.250   t width 0.303   ratio 0.82
heldout  survived            -0.000        [-0.027, +0.025]        [-0.033, +0.032]   0.9677   0.9774  AGREE
                           bootstrap width 0.052   t width 0.065   ratio 0.81
heldout  crates_per_bomb     -0.160        [-0.185, -0.137]        [-0.190, -0.131]   0.0000   0.0000  AGREE
                           bootstrap width 0.048   t width 0.059   ratio 0.81
indist   score               -0.161        [-0.305, -0.014]        [-0.334, +0.012]   0.0644   0.0657  DISAGREE -> fragile
                           bootstrap width 0.291   t width 0.346   ratio 0.84
indist   margin_mean         -0.119        [-0.292, +0.060]        [-0.327, +0.089]   0.2354   0.2391  AGREE
                           bootstrap width 0.352   t width 0.416   ratio 0.85
guard    score               -0.049        [-0.179, +0.077]        [-0.201, +0.103]   0.4948   0.4959  AGREE
                           bootstrap width 0.256   t width 0.304   ratio 0.84
guard    suicides            +0.183        [+0.126, +0.236]        [+0.119, +0.248]   0.0002   0.0000  AGREE
                           bootstrap width 0.110   t width 0.129   ratio 0.85
guard    survived            -0.170        [-0.218, -0.117]        [-0.229, -0.110]   0.0001   0.0000  AGREE
                           bootstrap width 0.101   t width 0.120   ratio 0.85
guard    killed_by_opponent  -0.014        [-0.024, -0.004]        [-0.025, -0.002]   0.0256   0.0228  AGREE
                           bootstrap width 0.020   t width 0.023   ratio 0.85
