=== per-arm run-mean ± 95% CI (over 15 seeds) ===

-- score
    ep               ctl2               PLB2                PAR                SHF
  5000     3.6247± 0.1801     3.7221± 0.0466     3.7386± 0.0370     3.7271± 0.0359
 10000     3.6356± 0.1602     3.8339± 0.0780     3.7395± 0.0705     3.7307± 0.0572
 20000     3.6150± 0.1708     3.8945± 0.0705     3.7697± 0.0521     3.6941± 0.1500

-- won
    ep               ctl2               PLB2                PAR                SHF
  5000     0.3511± 0.0185     0.3623± 0.0067     0.3644± 0.0066     0.3642± 0.0089
 10000     0.3591± 0.0189     0.3814± 0.0111     0.3695± 0.0128     0.3647± 0.0099
 20000     0.3595± 0.0227     0.3833± 0.0114     0.3672± 0.0098     0.3607± 0.0208

-- crates
    ep               ctl2               PLB2                PAR                SHF
  5000    31.7645± 0.5983    32.2768± 0.1579    32.3260± 0.1347    32.3005± 0.1242
 10000    31.9377± 0.6156    32.8267± 0.2283    32.2353± 0.1700    32.3930± 0.1501
 20000    31.3759± 0.8433    33.1330± 0.2818    32.4327± 0.2705    31.2401± 1.1654

-- coins
    ep               ctl2               PLB2                PAR                SHF
  5000     2.5754± 0.0759     2.6401± 0.0148     2.6223± 0.0186     2.6485± 0.0157
 10000     2.5683± 0.0701     2.7029± 0.0499     2.6005± 0.0228     2.6381± 0.0190
 20000     2.5330± 0.0784     2.7569± 0.0455     2.6441± 0.0369     2.5904± 0.0999

-- kills
    ep               ctl2               PLB2                PAR                SHF
  5000     0.2099± 0.0217     0.2164± 0.0082     0.2233± 0.0061     0.2157± 0.0074
 10000     0.2135± 0.0186     0.2262± 0.0076     0.2278± 0.0117     0.2185± 0.0083
 20000     0.2164± 0.0193     0.2275± 0.0087     0.2251± 0.0071     0.2207± 0.0119

-- suicides
    ep               ctl2               PLB2                PAR                SHF
  5000     0.5925± 0.0599     0.7017± 0.0199     0.5719± 0.0552     0.7144± 0.0168
 10000     0.5449± 0.0307     0.4941± 0.0316     0.5604± 0.0317     0.6765± 0.0242
 20000     0.5302± 0.0306     0.5031± 0.0250     0.5343± 0.0229     0.5219± 0.0395

-- survived
    ep               ctl2               PLB2                PAR                SHF
  5000     0.3562± 0.0621     0.2420± 0.0220     0.3769± 0.0558     0.2303± 0.0149
 10000     0.4061± 0.0315     0.4508± 0.0308     0.3931± 0.0310     0.2699± 0.0269
 20000     0.4202± 0.0340     0.4403± 0.0243     0.4143± 0.0222     0.4231± 0.0325


=== paired contrasts vs ctl2 ===

-- score
   PLB2 | ep 5k  +0.0973 [-0.1089,+0.3036] p=0.3286  6/15  | ep10k  +0.1983 [+0.0543,+0.3422] p=0.0105 14/15* | ep20k  +0.2795 [+0.0812,+0.4779] p=0.0091 13/15*
    PAR | ep 5k  +0.1139 [-0.0684,+0.2961] p=0.2017  7/15  | ep10k  +0.1039 [-0.0817,+0.2896] p=0.2498  9/15  | ep20k  +0.1547 [-0.0182,+0.3277] p=0.0756 13/15 
    SHF | ep 5k  +0.1024 [-0.0827,+0.2875] p=0.2552  6/15  | ep10k  +0.0951 [-0.0781,+0.2684] p=0.2585  9/15  | ep20k  +0.0791 [-0.1113,+0.2694] p=0.3880  9/15 

-- won
   PLB2 | ep 5k  +0.0112 [-0.0109,+0.0333] p=0.2954  9/15  | ep10k  +0.0223 [+0.0043,+0.0403] p=0.0186 11/15* | ep20k  +0.0237 [-0.0064,+0.0538] p=0.1128 11/15 
    PAR | ep 5k  +0.0133 [-0.0074,+0.0339] p=0.1896 10/15  | ep10k  +0.0105 [-0.0161,+0.0370] p=0.4122  7/15  | ep20k  +0.0077 [-0.0161,+0.0314] p=0.4997  6/15 
    SHF | ep 5k  +0.0131 [-0.0060,+0.0321] p=0.1638  8/15  | ep10k  +0.0057 [-0.0164,+0.0277] p=0.5901  7/15  | ep20k  +0.0011 [-0.0252,+0.0274] p=0.9277  6/15 

-- coins
   PLB2 | ep 5k  +0.0647 [-0.0191,+0.1485] p=0.1201  9/15  | ep10k  +0.1346 [+0.0633,+0.2059] p=0.0012 14/15* | ep20k  +0.2239 [+0.1294,+0.3183] p=0.0002 14/15*
    PAR | ep 5k  +0.0469 [-0.0254,+0.1191] p=0.1859  8/15  | ep10k  +0.0323 [-0.0459,+0.1104] p=0.3906  6/15  | ep20k  +0.1111 [+0.0382,+0.1839] p=0.0056 12/15*
    SHF | ep 5k  +0.0731 [-0.0074,+0.1535] p=0.0717 11/15  | ep10k  +0.0698 [-0.0041,+0.1437] p=0.0624 12/15  | ep20k  +0.0574 [-0.0567,+0.1715] p=0.2989 10/15 

-- kills
   PLB2 | ep 5k  +0.0065 [-0.0187,+0.0317] p=0.5868  6/15  | ep10k  +0.0127 [-0.0037,+0.0291] p=0.1178 10/15  | ep20k  +0.0111 [-0.0110,+0.0332] p=0.2980  8/15 
    PAR | ep 5k  +0.0134 [-0.0102,+0.0370] p=0.2429  7/15  | ep10k  +0.0143 [-0.0089,+0.0376] p=0.2078 10/15  | ep20k  +0.0087 [-0.0133,+0.0308] p=0.4105  8/15 
    SHF | ep 5k  +0.0059 [-0.0168,+0.0285] p=0.5868  6/15  | ep10k  +0.0051 [-0.0154,+0.0255] p=0.6038  6/15  | ep20k  +0.0043 [-0.0138,+0.0224] p=0.6157  9/15 

-- crates
   PLB2 | ep 5k  +0.5123 [-0.1000,+1.1247] p=0.0944  9/15  | ep10k  +0.8890 [+0.3075,+1.4705] p=0.0055 14/15* | ep20k  +1.7571 [+0.8918,+2.6224] p=0.0007 14/15*
    PAR | ep 5k  +0.5615 [-0.0614,+1.1845] p=0.0737  9/15  | ep10k  +0.2977 [-0.3672,+0.9625] p=0.3532  7/15  | ep20k  +1.0569 [+0.2327,+1.8810] p=0.0156 11/15*
    SHF | ep 5k  +0.5361 [-0.0850,+1.1571] p=0.0853 11/15  | ep10k  +0.4553 [-0.2327,+1.1434] p=0.1777  9/15  | ep20k  -0.1358 [-1.4418,+1.1702] p=0.8267  7/15 

-- bombs
   PLB2 | ep 5k  -2.4685 [-4.1315,-0.8055] p=0.0066  2/15* | ep10k  -1.4841 [-2.7428,-0.2254] p=0.0241  4/15* | ep20k  -2.2553 [-4.3817,-0.1290] p=0.0392  3/15*
    PAR | ep 5k  +0.0970 [-1.7736,+1.9676] p=0.9130  9/15  | ep10k  -0.5035 [-1.4724,+0.4654] p=0.2838  5/15  | ep20k  -0.8469 [-2.5782,+0.8844] p=0.3119  5/15 
    SHF | ep 5k  -2.7853 [-4.3910,-1.1795] p=0.0023  1/15* | ep10k  -2.3937 [-3.4912,-1.2963] p=0.0004  1/15* | ep20k  -1.7281 [-3.6687,+0.2125] p=0.0769  4/15 

-- suicides
   PLB2 | ep 5k  +0.1092 [+0.0510,+0.1674] p=0.0012 13/15* | ep10k  -0.0508 [-0.0871,-0.0145] p=0.0095  3/15* | ep20k  -0.0271 [-0.0584,+0.0041] p=0.0838  3/15 
    PAR | ep 5k  -0.0207 [-0.0869,+0.0456] p=0.5142  6/15  | ep10k  +0.0155 [-0.0204,+0.0513] p=0.3703 10/15  | ep20k  +0.0041 [-0.0261,+0.0342] p=0.7765  7/15 
    SHF | ep 5k  +0.1219 [+0.0694,+0.1743] p=0.0002 14/15* | ep10k  +0.1315 [+0.0978,+0.1653] p=0.0000 15/15* | ep20k  -0.0083 [-0.0589,+0.0422] p=0.7289  6/15 

-- survived
   PLB2 | ep 5k  -0.1142 [-0.1748,-0.0536] p=0.0012  2/15* | ep10k  +0.0447 [+0.0094,+0.0799] p=0.0167 12/15* | ep20k  +0.0201 [-0.0103,+0.0505] p=0.1775 12/15 
    PAR | ep 5k  +0.0207 [-0.0475,+0.0890] p=0.5254  9/15  | ep10k  -0.0130 [-0.0500,+0.0240] p=0.4638  4/15  | ep20k  -0.0059 [-0.0370,+0.0253] p=0.6924  7/15 
    SHF | ep 5k  -0.1259 [-0.1801,-0.0717] p=0.0002  1/15* | ep10k  -0.1362 [-0.1729,-0.0995] p=0.0000  0/15* | ep20k  +0.0029 [-0.0473,+0.0532] p=0.9021 10/15 

-- died
   PLB2 | ep 5k  +0.1142 [+0.0536,+0.1748] p=0.0012 13/15* | ep10k  -0.0447 [-0.0799,-0.0094] p=0.0167  3/15* | ep20k  -0.0201 [-0.0505,+0.0103] p=0.1775  3/15 
    PAR | ep 5k  -0.0207 [-0.0890,+0.0475] p=0.5254  6/15  | ep10k  +0.0130 [-0.0240,+0.0500] p=0.4638 11/15  | ep20k  +0.0059 [-0.0253,+0.0370] p=0.6924  8/15 
    SHF | ep 5k  +0.1259 [+0.0717,+0.1801] p=0.0002 14/15* | ep10k  +0.1362 [+0.0995,+0.1729] p=0.0000 15/15* | ep20k  -0.0029 [-0.0532,+0.0473] p=0.9021  5/15 

-- killed_by_opponent
   PLB2 | ep 5k  +0.0050 [-0.0006,+0.0106] p=0.0742  9/15  | ep10k  +0.0061 [+0.0003,+0.0120] p=0.0418 10/15* | ep20k  +0.0070 [+0.0003,+0.0137] p=0.0415 11/15*
    PAR | ep 5k  -0.0001 [-0.0050,+0.0049] p=0.9775  7/15  | ep10k  -0.0025 [-0.0088,+0.0039] p=0.4166  7/15  | ep20k  +0.0018 [-0.0047,+0.0083] p=0.5614  9/15 
    SHF | ep 5k  +0.0041 [-0.0024,+0.0105] p=0.1975  8/15  | ep10k  +0.0047 [-0.0018,+0.0111] p=0.1421 10/15  | ep20k  +0.0054 [-0.0058,+0.0166] p=0.3192  8/15 

-- steps
   PLB2 | ep 5k -17.3461 [-27.3142,-7.3780] p=0.0022  2/15* | ep10k  +0.9979 [-5.6787,+7.6745] p=0.7533  6/15  | ep20k  -6.8847 [-13.3254,-0.4440] p=0.0379  5/15*
    PAR | ep 5k  +4.3919 [-7.4093,+16.1932] p=0.4381  9/15  | ep10k  -1.4849 [-9.0063,+6.0364] p=0.6784  6/15  | ep20k  -4.6338 [-11.2611,+1.9935] p=0.1559  5/15 
    SHF | ep 5k -19.6519 [-28.4734,-10.8304] p=0.0003  0/15* | ep10k -18.4304 [-25.7633,-11.0975] p=0.0001  1/15* | ep20k  -0.5479 [-9.3243,+8.2285] p=0.8954  7/15 

-- invalid
   PLB2 | ep 5k  +0.1051 [-0.4083,+0.6185] p=0.6672  5/15  | ep10k  +0.5388 [+0.0977,+0.9799] p=0.0202 10/15* | ep20k  +0.1497 [-0.2786,+0.5780] p=0.4658  8/15 
    PAR | ep 5k  +0.4389 [-0.1604,+1.0381] p=0.1386  9/15  | ep10k  -0.2476 [-0.8198,+0.3246] p=0.3691  5/15  | ep20k  +0.1111 [-0.1677,+0.3898] p=0.4072  8/15 
    SHF | ep 5k  +0.0311 [-0.4682,+0.5303] p=0.8957  7/15  | ep10k  -0.2104 [-0.6574,+0.2366] p=0.3298  7/15  | ep20k  +0.7405 [+0.2759,+1.2052] p=0.0042 13/15*

-- rank
   PLB2 | ep 5k  -0.0377 [-0.0913,+0.0159] p=0.1541  8/15  | ep10k  -0.0589 [-0.1028,-0.0149] p=0.0123  3/15* | ep20k  -0.0747 [-0.1447,-0.0046] p=0.0384  3/15*
    PAR | ep 5k  -0.0343 [-0.0815,+0.0128] p=0.1406  6/15  | ep10k  -0.0263 [-0.0840,+0.0313] p=0.3437  6/15  | ep20k  -0.0315 [-0.0871,+0.0240] p=0.2434  6/15 
    SHF | ep 5k  -0.0449 [-0.0931,+0.0034] p=0.0661  4/15  | ep10k  -0.0234 [-0.0790,+0.0322] p=0.3816  8/15  | ep20k  -0.0079 [-0.0786,+0.0629] p=0.8149  7/15 

-- round_steps
   PLB2 | ep 5k -11.4409 [-17.7879,-5.0939] p=0.0017  2/15* | ep10k  +3.3639 [-0.1690,+6.8967] p=0.0604 11/15  | ep20k  +0.8656 [-2.2019,+3.9331] p=0.5547 11/15 
    PAR | ep 5k  +1.8281 [-5.4297,+9.0859] p=0.5975 11/15  | ep10k  -0.6025 [-4.8499,+3.6450] p=0.7654  7/15  | ep20k  -0.2792 [-2.9848,+2.4264] p=0.8280  9/15 
    SHF | ep 5k -12.8667 [-19.2213,-6.5122] p=0.0007  2/15* | ep10k -14.1967 [-18.0650,-10.3284] p=0.0000  0/15* | ep20k  -0.0156 [-4.9536,+4.9224] p=0.9947 11/15 

-- think_max_ms
   PLB2 | ep 5k  -0.0582 [-0.0836,-0.0329] p=0.0002  1/15* | ep10k  +0.0236 [+0.0009,+0.0463] p=0.0425 10/15* | ep20k  +0.0190 [-0.0239,+0.0619] p=0.3582  9/15 
    PAR | ep 5k  -0.1636 [-0.2184,-0.1088] p=0.0000  0/15* | ep10k  -0.0375 [-0.0719,-0.0031] p=0.0349  5/15* | ep20k  -0.0102 [-0.0899,+0.0696] p=0.7887 10/15 
    SHF | ep 5k  -0.3607 [-0.3812,-0.3403] p=0.0000  0/15* | ep10k  -0.0523 [-0.0766,-0.0280] p=0.0004  1/15* | ep20k  -0.0569 [-0.0909,-0.0230] p=0.0029  3/15*


=== other contrasts (score, won, crates) at ep20000 ===
       score PLB2-SHF:  +0.2005 [+0.0437,+0.3572] p=0.0159 11/15
       score PLB2-PAR:  +0.1248 [+0.0366,+0.2130] p=0.0089 13/15
       score PAR-SHF:  +0.0757 [-0.0699,+0.2213] p=0.2838 8/15
         won PLB2-SHF:  +0.0226 [-0.0011,+0.0463] p=0.0598 9/15
         won PLB2-PAR:  +0.0161 [+0.0043,+0.0278] p=0.0109 13/15
         won PAR-SHF:  +0.0065 [-0.0176,+0.0307] p=0.5705 7/15
      crates PLB2-SHF:  +1.8929 [+0.6958,+3.0901] p=0.0044 13/15
      crates PLB2-PAR:  +0.7003 [+0.3372,+1.0634] p=0.0010 14/15
      crates PAR-SHF:  +1.1927 [+0.0891,+2.2962] p=0.0361 11/15
       coins PLB2-SHF:  +0.1665 [+0.0636,+0.2694] p=0.0038 11/15
       coins PLB2-PAR:  +0.1128 [+0.0546,+0.1710] p=0.0010 12/15
       coins PAR-SHF:  +0.0537 [-0.0426,+0.1499] p=0.2516 9/15
    suicides PLB2-SHF:  -0.0188 [-0.0631,+0.0255] p=0.3782 8/15
    suicides PLB2-PAR:  -0.0312 [-0.0655,+0.0031] p=0.0711 4/15
    suicides PAR-SHF:  +0.0124 [-0.0379,+0.0627] p=0.6051 7/15
    survived PLB2-SHF:  +0.0172 [-0.0212,+0.0556] p=0.3533 6/15
    survived PLB2-PAR:  +0.0260 [-0.0061,+0.0581] p=0.1047 10/15
    survived PAR-SHF:  -0.0088 [-0.0514,+0.0338] p=0.6647 7/15
