
=== ep5000  per-seed run means: score | crates | survived ===
 seed                   ctl2                   PLB2                    PAR                    SHF
  100     3.747  32.46 0.231     3.692  32.14 0.207     3.665  32.39 0.474     3.713  32.56 0.221
  101     3.800  32.54 0.235     3.674  32.11 0.210     3.668  32.15 0.310     3.696  32.43 0.200
  102     3.671  32.54 0.181     3.789  32.67 0.257     3.906  32.40 0.213     3.671  32.07 0.191
  103     3.889  32.10 0.423     3.799  32.61 0.239     3.695  32.44 0.459     3.660  32.43 0.265
  104     3.656  31.78 0.320     3.730  31.65 0.204     3.723  32.69 0.217     3.826  32.18 0.233
  105     2.824  29.23 0.479     3.831  32.10 0.296     3.666  32.11 0.334     3.790  32.20 0.216
  106     3.657  31.89 0.427     3.780  32.52 0.232     3.806  32.52 0.464     3.750  32.21 0.249
  107     3.745  32.13 0.461     3.672  32.50 0.238     3.704  31.94 0.447     3.826  32.34 0.253
  108     3.645  32.12 0.215     3.559  32.08 0.205     3.788  32.04 0.430     3.610  31.88 0.199
  109     2.877  29.10 0.476     3.834  32.43 0.207     3.780  32.57 0.484     3.676  32.55 0.254
  110     3.761  32.34 0.432     3.684  32.13 0.211     3.708  32.12 0.210     3.678  32.51 0.277
  111     3.878  32.27 0.464     3.636  32.13 0.288     3.776  32.63 0.427     3.733  32.48 0.231
  112     3.625  31.95 0.219     3.677  32.02 0.298     3.681  32.01 0.319     3.732  32.54 0.213
  113     3.756  32.04 0.443     3.644  32.53 0.318     3.740  32.39 0.421     3.735  31.93 0.201
  114     3.840  32.00 0.337     3.830  32.52 0.220     3.773  32.50 0.445     3.811  32.19 0.251
  SD                  0.3253                 0.0842                 0.0669                 0.0648

=== ep10000  per-seed run means: score | crates | survived ===
 seed                   ctl2                   PLB2                    PAR                    SHF
  100     3.787  32.43 0.440     4.010  33.46 0.476     3.592  31.72 0.413     3.959  32.82 0.211
  101     3.744  32.09 0.337     3.973  33.35 0.494     3.842  32.63 0.294     3.862  32.70 0.190
  102     3.731  32.42 0.346     3.808  32.51 0.362     3.788  32.53 0.314     3.719  32.25 0.210
  103     3.714  32.36 0.427     3.984  33.18 0.508     3.965  32.37 0.407     3.734  32.20 0.289
  104     3.608  32.41 0.321     3.694  32.42 0.298     3.707  32.36 0.463     3.705  32.16 0.278
  105     2.629  28.11 0.476     3.614  32.41 0.441     3.774  32.38 0.453     3.762  32.72 0.279
  106     3.613  31.96 0.386     4.099  32.95 0.481     3.845  31.68 0.428     3.798  32.63 0.330
  107     3.644  32.33 0.442     3.745  32.34 0.455     3.657  32.06 0.397     3.678  32.43 0.236
  108     3.719  32.15 0.304     3.828  32.84 0.476     3.504  31.97 0.376     3.671  32.50 0.281
  109     3.600  31.55 0.413     3.720  32.45 0.464     3.753  32.68 0.400     3.637  32.11 0.307
  110     3.752  32.10 0.480     3.845  33.12 0.483     3.687  31.96 0.319     3.580  31.99 0.349
  111     3.760  32.61 0.465     3.811  33.27 0.422     3.641  32.35 0.449     3.568  32.11 0.227
  112     3.622  31.50 0.392     3.719  32.72 0.472     3.958  32.27 0.321     3.827  32.67 0.252
  113     3.884  32.38 0.415     3.704  32.23 0.436     3.671  32.43 0.420     3.738  32.44 0.337
  114     3.727  32.65 0.448     3.954  33.15 0.494     3.709  32.14 0.443     3.723  32.16 0.273
  SD                  0.2893                 0.1409                 0.1274                 0.1033

=== ep20000  per-seed run means: score | crates | survived ===
 seed                   ctl2                   PLB2                    PAR                    SHF
  100     3.756  31.43 0.422     3.980  33.03 0.443     3.858  32.70 0.463     4.019  33.28 0.456
  101     3.650  31.84 0.330     3.880  32.73 0.456     3.764  32.14 0.289     3.794  30.19 0.484
  102     3.655  31.52 0.315     3.680  32.60 0.303     3.754  32.43 0.396     3.788  32.29 0.330
  103     3.728  32.79 0.424     3.895  33.60 0.478     3.817  32.20 0.413     3.639  30.00 0.422
  104     3.606  29.09 0.423     3.905  32.81 0.426     3.660  31.86 0.414     3.839  32.09 0.426
  105     2.596  27.87 0.595     4.017  33.68 0.483     3.789  32.36 0.429     3.568  32.17 0.333
  106     3.750  32.08 0.421     4.074  33.43 0.454     3.753  31.87 0.451     3.584  29.73 0.363
  107     3.354  28.86 0.470     3.742  32.58 0.405     3.711  32.26 0.411     2.930  25.34 0.509
  108     3.820  32.36 0.414     3.778  32.90 0.434     4.003  33.81 0.453     4.033  33.31 0.459
  109     3.761  31.84 0.406     3.972  32.93 0.447     3.710  32.61 0.427     3.649  32.47 0.408
  110     3.784  32.41 0.416     3.922  34.08 0.463     3.885  32.97 0.405     3.476  29.44 0.344
  111     3.711  32.54 0.421     3.844  33.25 0.434     3.797  32.10 0.439     3.748  30.56 0.467
  112     3.526  31.14 0.420     3.972  33.54 0.459     3.692  32.62 0.402     4.007  33.18 0.491
  113     3.859  32.48 0.407     3.687  32.24 0.436     3.643  32.16 0.409     3.659  32.18 0.453
  114     3.669  32.38 0.419     4.070  33.59 0.484     3.710  32.40 0.414     3.678  32.38 0.402
  SD                  0.3084                 0.1273                 0.0942                 0.2708
