=== the coordinator's row set: danger bases where ALL 5 d8 siblings have nonzero q ===

 ctl2 s100: 1398 bases all-nonzero; 5655 rows (1131 danger bases)
    d8   mean maxQ   n rows  updated in training
     0      7.0213     1131                86.3%
     1      6.0949     1131                 0.0%
     2      6.0949     1131                 0.0%
     3      6.0949     1131                 0.0%
     4      6.0949     1131                 0.0%
   even-odd (coordinator) = +0.3088

 PLB2 s100: 1398 bases all-nonzero; 5655 rows (1131 danger bases)
    d8   mean maxQ   n rows  updated in training
     0      6.7024     1131                76.5%
     1      6.2349     1131                21.0%
     2      6.6928     1131                76.2%
     3      6.2419     1131                20.7%
     4      6.0949     1131                 0.0%
   even-odd (coordinator) = +0.2583
   even-odd over REACHABLE d8 only [0, 1, 2, 3] = +0.4592

 PAR s100: 1398 bases all-nonzero; 5655 rows (1131 danger bases)
    d8   mean maxQ   n rows  updated in training
     0      6.8758     1131                80.6%
     1      6.2617     1131                21.8%
     2      6.0949     1131                 0.0%
     3      6.0949     1131                 0.0%
     4      6.0949     1131                 0.0%
   even-odd (coordinator) = +0.1769
   even-odd over REACHABLE d8 only [0, 1] = +0.6141

 SHF s100: 1398 bases all-nonzero; 5655 rows (1131 danger bases)
    d8   mean maxQ   n rows  updated in training
     0      6.5561     1131                71.4%
     1      6.5497     1131                73.8%
     2      6.5585     1131                69.1%
     3      6.5571     1131                76.4%
     4      6.0949     1131                 0.0%
   even-odd (coordinator) = -0.1502
   even-odd over REACHABLE d8 only [0, 1, 2, 3] = +0.0039
