
########## score

--- ep5000
  PLB2 full +0.0973[-0.1089,+0.3036] p=0.3286 | LOOmin +0.0324(drop s105) LOOmax +0.1216(drop s111) | drop worst-ctl s105: +0.0324[-0.1321,+0.1969] p=0.6778 | drop 2 worst-ctl: -0.0388 p=0.2114 | wilcoxon p=0.8904
   PAR full +0.1139[-0.0684,+0.2961] p=0.2017 | LOOmin +0.0575(drop s109) LOOmax +0.1359(drop s103) | drop worst-ctl s105: +0.0619[-0.0941,+0.2178] p=0.4071 | drop 2 worst-ctl: -0.0028 p=0.9358 | wilcoxon p=0.4776
   SHF full +0.1024[-0.0827,+0.2875] p=0.2552 | LOOmin +0.0407(drop s105) LOOmax +0.1261(drop s103) | drop worst-ctl s105: +0.0407[-0.0994,+0.1808] p=0.5410 | drop 2 worst-ctl: -0.0176 p=0.5758 | wilcoxon p=0.6832

--- ep10000
  PLB2 full +0.1983[+0.0543,+0.3422] p=0.0105 | LOOmin +0.1421(drop s105) LOOmax +0.2253(drop s113) | drop worst-ctl s105: +0.1421[+0.0569,+0.2273] p=0.0032 | drop 2 worst-ctl: +0.1438 p=0.0055 | wilcoxon p=0.0020
   PAR full +0.1039[-0.0817,+0.2896] p=0.2498 | LOOmin +0.0296(drop s105) LOOmax +0.1267(drop s108) | drop worst-ctl s105: +0.0296[-0.0732,+0.1324] p=0.5450 | drop 2 worst-ctl: +0.0201 p=0.6971 | wilcoxon p=0.3591
   SHF full +0.0951[-0.0781,+0.2684] p=0.2585 | LOOmin +0.0210(drop s105) LOOmax +0.1156(drop s111) | drop worst-ctl s105: +0.0210[-0.0535,+0.0955] p=0.5528 | drop 2 worst-ctl: +0.0198 p=0.6048 | wilcoxon p=0.3028

--- ep20000
  PLB2 full +0.2795[+0.0812,+0.4779] p=0.0091 | LOOmin +0.1980(drop s105) LOOmax +0.3118(drop s113) | drop worst-ctl s105: +0.1980[+0.0967,+0.2993] p=0.0010 | drop 2 worst-ctl: +0.1834 p=0.0025 | wilcoxon p=0.0015
   PAR full +0.1547[-0.0182,+0.3277] p=0.0756 | LOOmin +0.0806(drop s105) LOOmax +0.1812(drop s113) | drop worst-ctl s105: +0.0806[+0.0072,+0.1540] p=0.0339 | drop 2 worst-ctl: +0.0593 p=0.0606 | wilcoxon p=0.0103
   SHF full +0.0791[-0.1113,+0.2694] p=0.3880 | LOOmin +0.0153(drop s105) LOOmax +0.1150(drop s107) | drop worst-ctl s105: +0.0153[-0.1279,+0.1585] p=0.8212 | drop 2 worst-ctl: +0.0491 p=0.4410 | wilcoxon p=0.4887

########## crates

--- ep5000
  PLB2 full +0.5123[-0.1000,+1.1247] p=0.0944 | LOOmin +0.3109(drop s109) LOOmax +0.5794(drop s101) | drop worst-ctl s105: +0.3437[-0.1909,+0.8784] p=0.1882 | drop 2 worst-ctl: +0.1138 p=0.2727 | wilcoxon p=0.1205
   PAR full +0.5615[-0.0614,+1.1845] p=0.0737 | LOOmin +0.3541(drop s109) LOOmax +0.6294(drop s101) | drop worst-ctl s105: +0.3957[-0.1576,+0.9491] p=0.1464 | drop 2 worst-ctl: +0.1595 p=0.1621 | wilcoxon p=0.0946
   SHF full +0.5361[-0.0850,+1.1571] p=0.0853 | LOOmin +0.3281(drop s109) LOOmax +0.6078(drop s102) | drop worst-ctl s105: +0.3619[-0.1750,+0.8988] p=0.1690 | drop 2 worst-ctl: +0.1246 p=0.1438 | wilcoxon p=0.0479

--- ep10000
  PLB2 full +0.8890[+0.3075,+1.4705] p=0.0055 | LOOmin +0.6455(drop s105) LOOmax +0.9635(drop s113) | drop worst-ctl s105: +0.6455[+0.3689,+0.9221] p=0.0002 | drop 2 worst-ctl: +0.6260 p=0.0006 | wilcoxon p=0.0004
   PAR full +0.2977[-0.3672,+0.9625] p=0.3532 | LOOmin +0.0134(drop s105) LOOmax +0.3700(drop s100) | drop worst-ctl s105: +0.0134[-0.2736,+0.3004] p=0.9210 | drop 2 worst-ctl: -0.0722 p=0.5233 | wilcoxon p=1.0000
   SHF full +0.4553[-0.2327,+1.1434] p=0.1777 | LOOmin +0.1582(drop s105) LOOmax +0.5236(drop s111) | drop worst-ctl s105: +0.1582[-0.1226,+0.4390] p=0.2452 | drop 2 worst-ctl: +0.1272 p=0.3692 | wilcoxon p=0.2078

--- ep20000
  PLB2 full +1.7571[+0.8918,+2.6224] p=0.0007 | LOOmin +1.4673(drop s105) LOOmax +1.8995(drop s113) | drop worst-ctl s105: +1.4673[+0.8160,+2.1185] p=0.0003 | drop 2 worst-ctl: +1.2941 p=0.0004 | wilcoxon p=0.0001
   PAR full +1.0569[+0.2327,+1.8810] p=0.0156 | LOOmin +0.8113(drop s105) LOOmax +1.1741(drop s103) | drop worst-ctl s105: +0.8113[+0.1254,+1.4971] p=0.0239 | drop 2 worst-ctl: +0.6128 p=0.0409 | wilcoxon p=0.0151
   SHF full -0.1358[-1.4418,+1.1702] p=0.8267 | LOOmin -0.4526(drop s105) LOOmax +0.1062(drop s107) | drop worst-ctl s105: -0.4526[-1.6594,+0.7541] p=0.4323 | drop 2 worst-ctl: -0.2164 p=0.6992 | wilcoxon p=0.8469

########## coins

--- ep5000
  PLB2 full +0.0647[-0.0191,+0.1485] p=0.1201 | LOOmin +0.0363(drop s109) LOOmax +0.0716(drop s111) | drop worst-ctl s105: +0.0409[-0.0311,+0.1129] p=0.2412 | drop 2 worst-ctl: +0.0085 p=0.3331 | wilcoxon p=0.1640
   PAR full +0.0469[-0.0254,+0.1191] p=0.1859 | LOOmin +0.0229(drop s109) LOOmax +0.0536(drop s108) | drop worst-ctl s105: +0.0269[-0.0360,+0.0898] p=0.3731 | drop 2 worst-ctl: -0.0005 p=0.9605 | wilcoxon p=0.5894
   SHF full +0.0731[-0.0074,+0.1535] p=0.0717 | LOOmin +0.0469(drop s109) LOOmax +0.0836(drop s111) | drop worst-ctl s105: +0.0500[-0.0186,+0.1186] p=0.1394 | drop 2 worst-ctl: +0.0201 p=0.1060 | wilcoxon p=0.0231

--- ep10000
  PLB2 full +0.1346[+0.0633,+0.2059] p=0.0012 | LOOmin +0.1092(drop s105) LOOmax +0.1474(drop s113) | drop worst-ctl s105: +0.1092[+0.0593,+0.1591] p=0.0004 | drop 2 worst-ctl: +0.1118 p=0.0007 | wilcoxon p=0.0004
   PAR full +0.0323[-0.0459,+0.1104] p=0.3906 | LOOmin -0.0008(drop s105) LOOmax +0.0410(drop s100) | drop worst-ctl s105: -0.0008[-0.0363,+0.0347] p=0.9626 | drop 2 worst-ctl: -0.0092 p=0.5603 | wilcoxon p=0.9547
   SHF full +0.0698[-0.0041,+0.1437] p=0.0624 | LOOmin +0.0374(drop s105) LOOmax +0.0778(drop s111) | drop worst-ctl s105: +0.0374[+0.0100,+0.0649] p=0.0114 | drop 2 worst-ctl: +0.0352 p=0.0231 | wilcoxon p=0.0084

--- ep20000
  PLB2 full +0.2239[+0.1294,+0.3183] p=0.0002 | LOOmin +0.1862(drop s105) LOOmax +0.2454(drop s113) | drop worst-ctl s105: +0.1862[+0.1332,+0.2393] p=0.0000 | drop 2 worst-ctl: +0.1811 p=0.0000 | wilcoxon p=0.0001
   PAR full +0.1111[+0.0382,+0.1839] p=0.0056 | LOOmin +0.0827(drop s105) LOOmax +0.1216(drop s113) | drop worst-ctl s105: +0.0827[+0.0393,+0.1261] p=0.0012 | drop 2 worst-ctl: +0.0747 p=0.0028 | wilcoxon p=0.0012
   SHF full +0.0574[-0.0567,+0.1715] p=0.2989 | LOOmin +0.0267(drop s105) LOOmax +0.0857(drop s107) | drop worst-ctl s105: +0.0267[-0.0741,+0.1276] p=0.5769 | drop 2 worst-ctl: +0.0548 p=0.1979 | wilcoxon p=0.3303

########## won

--- ep5000
  PLB2 full +0.0112[-0.0109,+0.0333] p=0.2954 | LOOmin +0.0046(drop s109) LOOmax +0.0151(drop s111) | drop worst-ctl s105: +0.0053[-0.0143,+0.0249] p=0.5697 | drop 2 worst-ctl: -0.0022 p=0.6905 | wilcoxon p=0.4953
   PAR full +0.0133[-0.0074,+0.0339] p=0.1896 | LOOmin +0.0061(drop s109) LOOmax +0.0169(drop s111) | drop worst-ctl s105: +0.0096[-0.0110,+0.0303] p=0.3322 | drop 2 worst-ctl: +0.0016 p=0.7793 | wilcoxon p=0.2801
   SHF full +0.0131[-0.0060,+0.0321] p=0.1638 | LOOmin +0.0074(drop s109) LOOmax +0.0169(drop s111) | drop worst-ctl s105: +0.0088[-0.0093,+0.0269] p=0.3130 | drop 2 worst-ctl: +0.0023 p=0.6940 | wilcoxon p=0.2450

--- ep10000
  PLB2 full +0.0223[+0.0043,+0.0403] p=0.0186 | LOOmin +0.0166(drop s105) LOOmax +0.0264(drop s113) | drop worst-ctl s105: +0.0166[+0.0024,+0.0307] p=0.0252 | drop 2 worst-ctl: +0.0150 p=0.0496 | wilcoxon p=0.0184
   PAR full +0.0105[-0.0161,+0.0370] p=0.4122 | LOOmin +0.0005(drop s105) LOOmax +0.0134(drop s113) | drop worst-ctl s105: +0.0005[-0.0166,+0.0176] p=0.9505 | drop 2 worst-ctl: -0.0038 p=0.5990 | wilcoxon p=0.8469
   SHF full +0.0057[-0.0164,+0.0277] p=0.5901 | LOOmin -0.0021(drop s105) LOOmax +0.0090(drop s110) | drop worst-ctl s105: -0.0021[-0.0176,+0.0134] p=0.7699 | drop 2 worst-ctl: -0.0044 p=0.5626 | wilcoxon p=0.9773

--- ep20000
  PLB2 full +0.0237[-0.0064,+0.0538] p=0.1128 | LOOmin +0.0109(drop s105) LOOmax +0.0279(drop s113) | drop worst-ctl s105: +0.0109[-0.0024,+0.0242] p=0.0992 | drop 2 worst-ctl: +0.0075 p=0.1994 | wilcoxon p=0.0355
   PAR full +0.0077[-0.0161,+0.0314] p=0.4997 | LOOmin -0.0020(drop s105) LOOmax +0.0115(drop s113) | drop worst-ctl s105: -0.0020[-0.0145,+0.0105] p=0.7349 | drop 2 worst-ctl: -0.0062 p=0.1687 | wilcoxon p=0.7530
   SHF full +0.0011[-0.0252,+0.0274] p=0.9277 | LOOmin -0.0077(drop s105) LOOmax +0.0061(drop s110) | drop worst-ctl s105: -0.0077[-0.0274,+0.0120] p=0.4133 | drop 2 worst-ctl: -0.0036 p=0.6887 | wilcoxon p=0.7117
