episodes per run: [20000]

### score
 ep[0:5000] ctl2=  1.7262 | PLB2 +0.0546 p=0.0697 11/15 | PAR +0.0343 p=0.2114  8/15 | SHF +0.0346 p=0.2286  8/15 
 ep[5000:10000] ctl2=  2.7302 | PLB2 +0.1241 p=0.0087 13/15 | PAR +0.0528 p=0.2528  7/15 | SHF +0.0654 p=0.1254 10/15 
 ep[10000:20000] ctl2=  2.6979 | PLB2 +0.2472 p=0.0008 15/15 | PAR +0.1117 p=0.0413 12/15 | SHF +0.1232 p=0.0468 13/15 
 ep[15000:20000] ctl2=  2.6862 | PLB2 +0.2796 p=0.0005 14/15 | PAR +0.1367 p=0.0241 12/15 | SHF +0.1461 p=0.0299 13/15 

### CRATE_DESTROYED
 ep[0:5000] ctl2= 19.3562 | PLB2 +0.1718 p=0.2016  6/15 | PAR +0.1812 p=0.1998  9/15 | SHF +0.1609 p=0.1972  8/15 
 ep[5000:10000] ctl2= 26.5219 | PLB2 +0.5700 p=0.0047 13/15 | PAR +0.2411 p=0.2343  9/15 | SHF +0.2592 p=0.1422  9/15 
 ep[10000:20000] ctl2= 26.4091 | PLB2 +1.2275 p=0.0001 15/15 | PAR +0.4850 p=0.0386 10/15 | SHF +0.3009 p=0.3168 11/15 
 ep[15000:20000] ctl2= 26.3432 | PLB2 +1.3673 p=0.0001 15/15 | PAR +0.5884 p=0.0203 11/15 | SHF +0.3095 p=0.3705 10/15 

### COIN_COLLECTED
 ep[0:5000] ctl2=  1.4091 | PLB2 +0.0285 p=0.0887  9/15 | PAR +0.0216 p=0.2530  9/15 | SHF +0.0199 p=0.2479  9/15 
 ep[5000:10000] ctl2=  2.0843 | PLB2 +0.0802 p=0.0033 14/15 | PAR +0.0279 p=0.2711  9/15 | SHF +0.0375 p=0.0793 11/15 
 ep[10000:20000] ctl2=  2.0609 | PLB2 +0.1695 p=0.0003 15/15 | PAR +0.0699 p=0.0295 13/15 | SHF +0.0838 p=0.0280 13/15 
 ep[15000:20000] ctl2=  2.0515 | PLB2 +0.1916 p=0.0002 15/15 | PAR +0.0882 p=0.0192 13/15 | SHF +0.0928 p=0.0226 13/15 

### SURVIVED_ROUND
 ep[0:5000] ctl2=  0.0353 | PLB2 -0.0082 p=0.0006  1/15 | PAR -0.0013 p=0.6879  6/15 | SHF -0.0102 p=0.0004  1/15 
 ep[5000:10000] ctl2=  0.1334 | PLB2 -0.0024 p=0.7563  8/15 | PAR +0.0038 p=0.6324  8/15 | SHF -0.0460 p=0.0000  0/15 
 ep[10000:20000] ctl2=  0.1335 | PLB2 +0.0208 p=0.0001 14/15 | PAR +0.0039 p=0.4069  7/15 | SHF -0.0068 p=0.1324  2/15 
 ep[15000:20000] ctl2=  0.1320 | PLB2 +0.0194 p=0.0002 13/15 | PAR +0.0068 p=0.1751 11/15 | SHF +0.0099 p=0.0346 11/15 

### KILLED_SELF
 ep[0:5000] ctl2=  0.9089 | PLB2 +0.0047 p=0.0415 10/15 | PAR -0.0004 p=0.8440  8/15 | SHF +0.0064 p=0.0030 13/15 
 ep[5000:10000] ctl2=  0.7986 | PLB2 -0.0011 p=0.8819  7/15 | PAR -0.0022 p=0.7658  7/15 | SHF +0.0398 p=0.0000 14/15 
 ep[10000:20000] ctl2=  0.8034 | PLB2 -0.0305 p=0.0000  1/15 | PAR -0.0066 p=0.1956  5/15 | SHF -0.0010 p=0.8253  9/15 
 ep[15000:20000] ctl2=  0.8059 | PLB2 -0.0313 p=0.0000  0/15 | PAR -0.0123 p=0.0369  3/15 | SHF -0.0177 p=0.0035  2/15 

### BOMB_DROPPED
 ep[0:5000] ctl2= 11.9534 | PLB2 -0.3141 p=0.0277  3/15 | PAR -0.1212 p=0.4254  6/15 | SHF -0.3807 p=0.0176  2/15 
 ep[5000:10000] ctl2= 20.5129 | PLB2 -0.5997 p=0.0042  3/15 | PAR -0.0383 p=0.8877  4/15 | SHF -1.0330 p=0.0002  1/15 
 ep[10000:20000] ctl2= 20.5581 | PLB2 -1.0059 p=0.0029  2/15 | PAR -0.4409 p=0.0394  3/15 | SHF -0.6663 p=0.0166  3/15 
 ep[15000:20000] ctl2= 20.5095 | PLB2 -1.1985 p=0.0018  2/15 | PAR -0.5165 p=0.0574  3/15 | SHF -0.5166 p=0.1231  5/15 

### reward
 ep[0:5000] ctl2= 16.9505 | PLB2 +0.3665 p=0.0887  9/15 | PAR +0.3227 p=0.1616  9/15 | SHF +0.3074 p=0.1437  9/15 
 ep[5000:10000] ctl2= 26.8509 | PLB2 +0.8016 p=0.0028 14/15 | PAR +0.3019 p=0.2394  7/15 | SHF +0.3335 p=0.1615  8/15 
 ep[10000:20000] ctl2= 26.8729 | PLB2 +1.8423 p=0.0003 15/15 | PAR +0.7184 p=0.0501 12/15 | SHF +0.5257 p=0.2438  9/15 
 ep[15000:20000] ctl2= 26.8273 | PLB2 +2.0579 p=0.0002 15/15 | PAR +0.8827 p=0.0322 11/15 | SHF +0.5335 p=0.2873  9/15 

### ctl2 per-seed training score in [15000:20000]
  s100:  1.787  2.840  2.739  2.714
  s101:  1.807  2.787  2.809  2.815
  s102:  1.687  2.782  2.728  2.685
  s103:  1.778  2.725  2.760  2.770
  s104:  1.789  2.758  2.708  2.682
  s105:  1.495  2.189  2.027  1.992
  s106:  1.779  2.753  2.750  2.728
  s107:  1.776  2.855  2.751  2.749
  s108:  1.749  2.800  2.758  2.740
  s109:  1.469  2.567  2.735  2.733
  s110:  1.822  2.785  2.721  2.702
  s111:  1.766  2.795  2.782  2.738
  s112:  1.748  2.778  2.667  2.657
  s113:  1.713  2.789  2.758  2.803
  s114:  1.729  2.750  2.776  2.786
