### 1. Does the k=-1 control arm reproduce the shipped agent? (paired, same arenas)

=== shipped(evaluate.py n=1000) -> ceil k=-1 big[0:1000]   n=1000
  score     A= 2.8220 B= 3.9320 d=+1.1100 [+0.9010,+1.3180]  r=+0.155  se_paired=0.1061 se_unpaired=0.1153
  kills     A= 0.1210 B= 0.2240 d=+0.1030 [+0.0690,+0.1370]  r=+0.044  se_paired=0.0176 se_unpaired=0.0180
  coins     A= 2.2170 B= 2.8120 d=+0.5950 [+0.4960,+0.6940]  r=+0.379  se_paired=0.0505 se_unpaired=0.0640
  crates    A=27.2670 B=33.2650 d=+5.9980 [+5.2520,+6.7331]  r=+0.168  se_paired=0.3784 se_unpaired=0.4149
  won       A= 0.1670 B= 0.3790 d=+0.2120 [+0.1750,+0.2490]  r=+0.059  se_paired=0.0188 se_unpaired=0.0194
  suicides  A= 0.4110 B= 0.4730 d=+0.0620 [+0.0160,+0.1070]  r=-0.091  se_paired=0.0232 se_unpaired=0.0222
  survived  A= 0.0640 B= 0.4630 d=+0.3990 [+0.3650,+0.4330]  r=+0.036  se_paired=0.0173 se_unpaired=0.0176
  bombs     A=15.5740 B=29.0430 d=+13.4690 [+12.3850,+14.5220]  r=+0.064  se_paired=0.5408 se_unpaired=0.5580

=== shipped(evaluate.py n=1000) -> ceil k=-1 pilot n=1000   n=1000
  score     A= 2.8220 B= 3.8860 d=+1.0640 [+0.8550,+1.2690]  r=+0.111  se_paired=0.1066 se_unpaired=0.1130
  kills     A= 0.1210 B= 0.2210 d=+0.1000 [+0.0650,+0.1350]  r=+0.008  se_paired=0.0177 se_unpaired=0.0178
  coins     A= 2.2170 B= 2.7810 d=+0.5640 [+0.4670,+0.6590]  r=+0.384  se_paired=0.0498 se_unpaired=0.0634
  crates    A=27.2670 B=33.4040 d=+6.1370 [+5.3950,+6.8670]  r=+0.184  se_paired=0.3742 se_unpaired=0.4142
  won       A= 0.1670 B= 0.4030 d=+0.2360 [+0.2000,+0.2730]  r=+0.080  se_paired=0.0187 se_unpaired=0.0195
  suicides  A= 0.4110 B= 0.4650 d=+0.0540 [+0.0110,+0.0970]  r=+0.032  se_paired=0.0218 se_unpaired=0.0222
  survived  A= 0.0640 B= 0.4720 d=+0.4080 [+0.3730,+0.4430]  r=-0.010  se_paired=0.0177 se_unpaired=0.0176
  bombs     A=15.5740 B=29.3080 d=+13.7340 [+12.6450,+14.8000]  r=+0.036  se_paired=0.5506 se_unpaired=0.5601

### 2. A/A inside the ceiling harness: pilot vs first 1000 of the 4k run

=== pilot k=-1 -> big k=-1[0:1000]   n=1000
  score     A= 3.8860 B= 3.9320 d=+0.0460 [-0.1690,+0.2620]  r=+0.200  se_paired=0.1104 se_unpaired=0.1234
  kills     A= 0.2210 B= 0.2240 d=+0.0030 [-0.0350,+0.0400]  r=+0.044  se_paired=0.0193 se_unpaired=0.0198
  coins     A= 2.7810 B= 2.8120 d=+0.0310 [-0.0610,+0.1240]  r=+0.483  se_paired=0.0470 se_unpaired=0.0654
  crates    A=33.4040 B=33.2650 d=-0.1390 [-0.7820,+0.5090]  r=+0.380  se_paired=0.3263 se_unpaired=0.4145
  won       A= 0.4030 B= 0.3790 d=-0.0240 [-0.0630,+0.0150]  r=+0.165  se_paired=0.0199 se_unpaired=0.0218
  suicides  A= 0.4650 B= 0.4730 d=+0.0080 [-0.0360,+0.0520]  r=+0.008  se_paired=0.0222 se_unpaired=0.0223
  survived  A= 0.4720 B= 0.4630 d=-0.0090 [-0.0520,+0.0340]  r=+0.018  se_paired=0.0221 se_unpaired=0.0223
  bombs     A=29.3080 B=29.0430 d=-0.2650 [-1.4960,+0.9360]  r=+0.096  se_paired=0.6176 se_unpaired=0.6494

=== pilot k=0  -> big k=0[0:1000]   n=1000
  score     A= 4.0150 B= 3.9040 d=-0.1110 [-0.3360,+0.1150]  r=+0.165  se_paired=0.1157 se_unpaired=0.1266
  kills     A= 0.2390 B= 0.2210 d=-0.0180 [-0.0580,+0.0220]  r=+0.020  se_paired=0.0203 se_unpaired=0.0206
  coins     A= 2.8200 B= 2.7990 d=-0.0210 [-0.1160,+0.0750]  r=+0.470  se_paired=0.0488 se_unpaired=0.0670
  crates    A=33.3700 B=33.4750 d=+0.1050 [-0.5650,+0.7820]  r=+0.329  se_paired=0.3432 se_unpaired=0.4189
  won       A= 0.3810 B= 0.3800 d=-0.0010 [-0.0410,+0.0390]  r=+0.107  se_paired=0.0205 se_unpaired=0.0217
  suicides  A= 0.4680 B= 0.4920 d=+0.0240 [-0.0190,+0.0670]  r=+0.023  se_paired=0.0221 se_unpaired=0.0223
  survived  A= 0.4710 B= 0.4430 d=-0.0280 [-0.0720,+0.0160]  r=+0.001  se_paired=0.0223 se_unpaired=0.0223
  bombs     A=29.5380 B=28.7190 d=-0.8190 [-2.0260,+0.4000]  r=+0.065  se_paired=0.6194 se_unpaired=0.6406

=== pilot k=4  -> big k=4[0:1000]   n=1000
  score     A= 4.0860 B= 4.0900 d=+0.0040 [-0.2230,+0.2230]  r=+0.210  se_paired=0.1141 se_unpaired=0.1283
  kills     A= 0.2490 B= 0.2580 d=+0.0090 [-0.0300,+0.0490]  r=+0.109  se_paired=0.0201 se_unpaired=0.0213
  coins     A= 2.8410 B= 2.8000 d=-0.0410 [-0.1350,+0.0530]  r=+0.456  se_paired=0.0483 se_unpaired=0.0655
  crates    A=33.2870 B=33.2960 d=+0.0090 [-0.6280,+0.6480]  r=+0.359  se_paired=0.3251 se_unpaired=0.4060
  won       A= 0.4100 B= 0.4250 d=+0.0150 [-0.0260,+0.0550]  r=+0.118  se_paired=0.0207 se_unpaired=0.0221
  suicides  A= 0.4480 B= 0.4350 d=-0.0130 [-0.0550,+0.0290]  r=+0.057  se_paired=0.0216 se_unpaired=0.0222
  survived  A= 0.4890 B= 0.5020 d=+0.0130 [-0.0300,+0.0570]  r=+0.034  se_paired=0.0220 se_unpaired=0.0224
  bombs     A=29.8390 B=29.9560 d=+0.1170 [-1.0890,+1.3150]  r=+0.105  se_paired=0.6069 se_unpaired=0.6414

### 3. The headline verdict, reproduced

=== big k=-1 -> big k=4 (n=4000)   n=4000
  score     A= 3.9580 B= 4.0738 d=+0.1158 [-0.0015,+0.2340]  r=+0.125  se_paired=0.0599 se_unpaired=0.0640
  kills     A= 0.2285 B= 0.2602 d=+0.0318 [+0.0110,+0.0525]  r=-0.011  se_paired=0.0105 se_unpaired=0.0104
  coins     A= 2.8155 B= 2.7725 d=-0.0430 [-0.0907,+0.0057]  r=+0.435  se_paired=0.0246 se_unpaired=0.0326
  crates    A=33.4900 B=33.0682 d=-0.4218 [-0.7498,-0.0938]  r=+0.328  se_paired=0.1684 se_unpaired=0.2054
  won       A= 0.3817 B= 0.4190 d=+0.0372 [+0.0168,+0.0575]  r=+0.110  se_paired=0.0103 se_unpaired=0.0109
  suicides  A= 0.4820 B= 0.4625 d=-0.0195 [-0.0410,+0.0023]  r=+0.026  se_paired=0.0110 se_unpaired=0.0112
  survived  A= 0.4597 B= 0.4755 d=+0.0158 [-0.0057,+0.0372]  r=+0.018  se_paired=0.0111 se_unpaired=0.0112
  bombs     A=28.9510 B=29.2353 d=+0.2843 [-0.3273,+0.8980]  r=+0.081  se_paired=0.3120 se_unpaired=0.3255

=== big k=-1 -> big k=0 (n=4000)   n=4000
  score     A= 3.9580 B= 3.9968 d=+0.0387 [-0.0780,+0.1517]  r=+0.146  se_paired=0.0587 se_unpaired=0.0635
  kills     A= 0.2285 B= 0.2345 d=+0.0060 [-0.0138,+0.0260]  r=+0.010  se_paired=0.0102 se_unpaired=0.0102
  coins     A= 2.8155 B= 2.8243 d=+0.0088 [-0.0375,+0.0563]  r=+0.473  se_paired=0.0239 se_unpaired=0.0330
  crates    A=33.4900 B=33.5358 d=+0.0457 [-0.2810,+0.3683]  r=+0.339  se_paired=0.1669 se_unpaired=0.2052
  won       A= 0.3817 B= 0.3932 d=+0.0115 [-0.0083,+0.0318]  r=+0.090  se_paired=0.0104 se_unpaired=0.0109
  suicides  A= 0.4820 B= 0.4938 d=+0.0118 [-0.0092,+0.0333]  r=+0.036  se_paired=0.0110 se_unpaired=0.0112
  survived  A= 0.4597 B= 0.4450 d=-0.0147 [-0.0360,+0.0065]  r=+0.038  se_paired=0.0109 se_unpaired=0.0111
  bombs     A=28.9510 B=28.6717 d=-0.2792 [-0.8820,+0.3300]  r=+0.084  se_paired=0.3098 se_unpaired=0.3237

### 4. Winner's curse split: pilot-seen arenas vs fresh arenas

=== k=-1 -> k=4, rounds 0..999 (selection arenas)   n=1000
  score     A= 3.9320 B= 4.0900 d=+0.1580 [-0.0740,+0.3940]  r=+0.100  se_paired=0.1193 se_unpaired=0.1257
  kills     A= 0.2240 B= 0.2580 d=+0.0340 [-0.0070,+0.0750]  r=-0.052  se_paired=0.0210 se_unpaired=0.0205
  coins     A= 2.8120 B= 2.8000 d=-0.0120 [-0.1060,+0.0830]  r=+0.441  se_paired=0.0485 se_unpaired=0.0649
  crates    A=33.2650 B=33.2960 d=+0.0310 [-0.6120,+0.6630]  r=+0.368  se_paired=0.3249 se_unpaired=0.4088
  won       A= 0.3790 B= 0.4250 d=+0.0460 [+0.0050,+0.0860]  r=+0.108  se_paired=0.0207 se_unpaired=0.0219
  suicides  A= 0.4730 B= 0.4350 d=-0.0380 [-0.0810,+0.0050]  r=+0.021  se_paired=0.0220 se_unpaired=0.0223
  survived  A= 0.4630 B= 0.5020 d=+0.0390 [-0.0040,+0.0820]  r=+0.022  se_paired=0.0221 se_unpaired=0.0223
  bombs     A=29.0430 B=29.9560 d=+0.9130 [-0.2720,+2.1330]  r=+0.098  se_paired=0.6129 se_unpaired=0.6453

=== k=-1 -> k=4, rounds 1000..3999 (fresh arenas)   n=3000
  score     A= 3.9667 B= 4.0683 d=+0.1017 [-0.0343,+0.2357]  r=+0.133  se_paired=0.0692 se_unpaired=0.0744
  kills     A= 0.2300 B= 0.2610 d=+0.0310 [+0.0073,+0.0543]  r=+0.001  se_paired=0.0121 se_unpaired=0.0121
  coins     A= 2.8167 B= 2.7633 d=-0.0533 [-0.1083,+0.0023]  r=+0.433  se_paired=0.0285 se_unpaired=0.0378
  crates    A=33.5650 B=32.9923 d=-0.5727 [-0.9637,-0.1810]  r=+0.315  se_paired=0.1967 se_unpaired=0.2376
  won       A= 0.3827 B= 0.4170 d=+0.0343 [+0.0110,+0.0580]  r=+0.110  se_paired=0.0119 se_unpaired=0.0126
  suicides  A= 0.4850 B= 0.4717 d=-0.0133 [-0.0383,+0.0117]  r=+0.028  se_paired=0.0127 se_unpaired=0.0129
  survived  A= 0.4587 B= 0.4667 d=+0.0080 [-0.0167,+0.0327]  r=+0.016  se_paired=0.0128 se_unpaired=0.0129
  bombs     A=28.9203 B=28.9950 d=+0.0747 [-0.6420,+0.7890]  r=+0.075  se_paired=0.3624 se_unpaired=0.3769

### 5. Pilot arm table (the selection data)
  k= -1  score 3.886  kills 0.221  coins 2.781  crates 33.40
  k=  0  score 4.015  kills 0.239  coins 2.820  crates 33.37
  k=  2  score 4.023  kills 0.255  coins 2.748  crates 33.59
  k=  4  score 4.086  kills 0.249  coins 2.841  crates 33.29
  k=  8  score 3.952  kills 0.245  coins 2.727  crates 32.51
  pilot k=0 - k=-1: +0.129 [-0.098,+0.356]
  pilot k=2 - k=-1: +0.137 [-0.088,+0.367]
  pilot k=4 - k=-1: +0.200 [-0.032,+0.427]
  pilot k=8 - k=-1: +0.066 [-0.165,+0.298]

### 6. Score decomposition at n=4000
  k=0: dscore=+0.0387  5*dkills=+0.0300  dcoins=+0.0088  sum=+0.0387
  k=4: dscore=+0.1158  5*dkills=+0.1588  dcoins=-0.0430  sum=+0.1158

### 7. How often does the override actually change the round at all?
  k=0: rounds byte-identical on (score,steps,crates,coins): 2.3%  (92/4000)
        on the 3908 changed rounds: dscore +0.040 [-0.078,+0.156]
  k=4: rounds byte-identical on (score,steps,crates,coins): 2.0%  (80/4000)
        on the 3920 changed rounds: dscore +0.118 [+0.001,+0.239]
