E37 s105               score=3.951  kills=0.224  coins=2.831  crates=33.222  bombs=28.804  won=0.400  suicides=0.485  survived=0.456  steps=277.628  invalid=5.599  moves=221.660
E37 s106               score=3.949  kills=0.226  coins=2.819  crates=33.545  bombs=28.924  won=0.406  suicides=0.488  survived=0.464  steps=275.329  invalid=4.771  moves=213.543
ceil k=-1 [0:1000]     score=3.932  kills=0.224  coins=2.812  crates=33.265  bombs=29.043  won=0.379  suicides=0.473  survived=0.463  steps=275.170  invalid=4.734  moves=213.441
ceil k=-1 pilot        score=3.886  kills=0.221  coins=2.781  crates=33.404  bombs=29.308  won=0.403  suicides=0.465  survived=0.472  steps=277.546  invalid=4.764  moves=215.140
ceil k=-1 n=4000       score=3.958  kills=0.229  coins=2.816  crates=33.490  bombs=28.951  won=0.382  suicides=0.482  survived=0.460  steps=273.833  invalid=4.741  moves=212.157


--- paired s105 -> ceil[0:1000]
   score       3.9510 ->   3.9320  d= -0.0190 [-0.2510,+0.2090]
   kills       0.2240 ->   0.2240  d= +0.0000 [-0.0380,+0.0380]
   coins       2.8310 ->   2.8120  d= -0.0190 [-0.1200,+0.0830]
   crates     33.2220 ->  33.2650  d= +0.0430 [-0.6280,+0.7310]
   bombs      28.8040 ->  29.0430  d= +0.2390 [-0.9720,+1.4260]
   won         0.4000 ->   0.3790  d= -0.0210 [-0.0610,+0.0180]
   suicides    0.4850 ->   0.4730  d= -0.0120 [-0.0550,+0.0320]
   survived    0.4560 ->   0.4630  d= +0.0070 [-0.0350,+0.0490]
   steps     277.6280 -> 275.1700  d= -2.4580 [-13.7561,+8.6250]
   invalid     5.5990 ->   4.7340  d= -0.8650 [-1.1970,-0.5260]
   moves     221.6600 -> 213.4410  d= -8.2190 [-17.1011,+0.7050]

--- paired s105 -> ceil pilot
   score       3.9510 ->   3.8860  d= -0.0650 [-0.2860,+0.1560]
   kills       0.2240 ->   0.2210  d= -0.0030 [-0.0420,+0.0350]
   coins       2.8310 ->   2.7810  d= -0.0500 [-0.1470,+0.0480]
   crates     33.2220 ->  33.4040  d= +0.1820 [-0.5250,+0.8810]
   bombs      28.8040 ->  29.3080  d= +0.5040 [-0.7070,+1.7340]
   won         0.4000 ->   0.4030  d= +0.0030 [-0.0380,+0.0440]
   suicides    0.4850 ->   0.4650  d= -0.0200 [-0.0630,+0.0240]
   survived    0.4560 ->   0.4720  d= +0.0160 [-0.0270,+0.0590]
   steps     277.6280 -> 277.5460  d= -0.0820 [-11.7360,+11.5111]
   invalid     5.5990 ->   4.7640  d= -0.8350 [-1.1720,-0.4930]
   moves     221.6600 -> 215.1400  d= -6.5200 [-15.6360,+2.7670]

--- paired s106 -> ceil[0:1000]
   score       3.9490 ->   3.9320  d= -0.0170 [-0.2560,+0.2200]
   kills       0.2260 ->   0.2240  d= -0.0020 [-0.0420,+0.0380]
   coins       2.8190 ->   2.8120  d= -0.0070 [-0.1020,+0.0880]
   crates     33.5450 ->  33.2650  d= -0.2800 [-0.9330,+0.3670]
   bombs      28.9240 ->  29.0430  d= +0.1190 [-1.0980,+1.3370]
   won         0.4060 ->   0.3790  d= -0.0270 [-0.0680,+0.0130]
   suicides    0.4880 ->   0.4730  d= -0.0150 [-0.0580,+0.0280]
   survived    0.4640 ->   0.4630  d= -0.0010 [-0.0440,+0.0420]
   steps     275.3290 -> 275.1700  d= -0.1590 [-11.6011,+11.2040]
   invalid     4.7710 ->   4.7340  d= -0.0370 [-0.3270,+0.2580]
   moves     213.5430 -> 213.4410  d= -0.1020 [-9.0250,+8.7500]

--- paired s106 -> ceil pilot
   score       3.9490 ->   3.8860  d= -0.0630 [-0.2870,+0.1630]
   kills       0.2260 ->   0.2210  d= -0.0050 [-0.0440,+0.0340]
   coins       2.8190 ->   2.7810  d= -0.0380 [-0.1320,+0.0570]
   crates     33.5450 ->  33.4040  d= -0.1410 [-0.7830,+0.5030]
   bombs      28.9240 ->  29.3080  d= +0.3840 [-0.8520,+1.6260]
   won         0.4060 ->   0.4030  d= -0.0030 [-0.0440,+0.0380]
   suicides    0.4880 ->   0.4650  d= -0.0230 [-0.0680,+0.0210]
   survived    0.4640 ->   0.4720  d= +0.0080 [-0.0360,+0.0520]
   steps     275.3290 -> 277.5460  d= +2.2170 [-9.5552,+13.8772]
   invalid     4.7710 ->   4.7640  d= -0.0070 [-0.3010,+0.2910]
   moves     213.5430 -> 215.1400  d= +1.5970 [-7.3681,+10.5941]

--- per-round agreement on identical arenas (s105 vs ceil k=-1 [0:1000])
   score     identical in 22.9% of rounds; corr=+0.152
   steps     identical in 23.4% of rounds; corr=+0.101
   crates    identical in 5.7% of rounds; corr=+0.326
   coins     identical in 32.1% of rounds; corr=+0.414
   survived  identical in 52.9% of rounds; corr=+0.052
