arm means (n=4000)
                   mine     opp_mean     opp_best      opp_sum  margin_mean  margin_best     my_kills    opp_kills    opp_coins opp_suicides   opp_deaths
k=-1             3.9580       3.0068       5.4130       9.0205       0.9512      -1.4550       0.2285       0.5703       6.1692       1.5023       1.8502
k=0              3.9968       2.9777       5.3660       8.9332       1.0190      -1.3693       0.2345       0.5543       6.1620       1.4670       1.8182
k=4              4.0738       2.9389       5.2588       8.8168       1.1348      -1.1850       0.2602       0.5212       6.2105       1.5200       1.8560

--- paired k=0 vs k=-1
  mine         d= +0.0387 [-0.0755,+0.1542]  t=+0.66
  opp_mean     d= -0.0291 [-0.0813,+0.0233]  t=-1.08
  opp_best     d= -0.0470 [-0.1603,+0.0670]  t=-0.81
  opp_sum      d= -0.0872 [-0.2480,+0.0710]  t=-1.08
  margin_mean  d= +0.0678 [-0.0717,+0.2070]  t=+0.96
  margin_best  d= +0.0858 [-0.0920,+0.2615]  t=+0.95
  my_kills     d= +0.0060 [-0.0138,+0.0260]  t=+0.59
  opp_kills    d= -0.0160 [-0.0460,+0.0140]  t=-1.05
  opp_coins    d= -0.0073 [-0.0537,+0.0395]  t=-0.30
  opp_suicides d= -0.0352 [-0.0653,-0.0053]  t=-2.30  <-- CI excludes 0
  opp_deaths   d= -0.0320 [-0.0553,-0.0088]  t=-2.70  <-- CI excludes 0

--- paired k=4 vs k=-1
  mine         d= +0.1158 [-0.0027,+0.2335]  t=+1.93
  opp_mean     d= -0.0679 [-0.1215,-0.0151]  t=-2.51  <-- CI excludes 0
  opp_best     d= -0.1542 [-0.2675,-0.0425]  t=-2.67  <-- CI excludes 0
  opp_sum      d= -0.2037 [-0.3625,-0.0447]  t=-2.51  <-- CI excludes 0
  margin_mean  d= +0.1837 [+0.0430,+0.3258]  t=+2.56  <-- CI excludes 0
  margin_best  d= +0.2700 [+0.0895,+0.4502]  t=+2.95  <-- CI excludes 0
  my_kills     d= +0.0318 [+0.0112,+0.0525]  t=+3.03  <-- CI excludes 0
  opp_kills    d= -0.0490 [-0.0788,-0.0190]  t=-3.21  <-- CI excludes 0
  opp_coins    d= +0.0413 [-0.0070,+0.0890]  t=+1.69
  opp_suicides d= +0.0177 [-0.0125,+0.0480]  t=+1.16
  opp_deaths   d= +0.0057 [-0.0177,+0.0288]  t=+0.48
