### robustness of each k=4 vs k=-1 contrast at n=4000
mine                         d=+0.1158  t=+1.93  sign-flip p=0.0523  CI-excludes-0 in 16% of 200 bootstrap seeds
my_kills                     d=+0.0318  t=+3.03  sign-flip p=0.0025  CI-excludes-0 in 100% of 200 bootstrap seeds
margin_mean                  d=+0.1837  t=+2.56  sign-flip p=0.0099  CI-excludes-0 in 100% of 200 bootstrap seeds
margin_best                  d=+0.2700  t=+2.95  sign-flip p=0.0031  CI-excludes-0 in 100% of 200 bootstrap seeds

### the pilot's 'k=8 bounds chasing harder' claim (n=1000)
  k8 - k4  mine         -0.1340  t=-1.09
  k8 - kctl mine         +0.0660  t=+0.56
  k8 - k4  margin_mean  -0.0763  t=-0.53
  k8 - kctl margin_mean  +0.1203  t=+0.85
  k8 - k4  margin_best  +0.0220  t=+0.12
  k8 - kctl margin_best  +0.1230  t=+0.68
  k8 - k4  my_kills     -0.0040  t=-0.19
  k8 - kctl my_kills     +0.0240  t=+1.19

### margin on the pilot arms (n=1000) -- monotone in k?
  k= -1  mine 3.886  margin_mean +0.914  margin_best -1.400
  k=  0  mine 4.015  margin_mean +0.956  margin_best -1.486
  k=  2  mine 4.023  margin_mean +1.061  margin_best -1.288
  k=  4  mine 4.086  margin_mean +1.110  margin_best -1.299
  k=  8  mine 3.952  margin_mean +1.034  margin_best -1.277

### oracle conversion rate at k=4, n=4000
  oracle 'inescapable trap' bombs placed: 1622
  extra kills our agent got vs control:   127  (7.8% of the oracle bombs)
  change in TOTAL opponent deaths per round: +0.0057 (t=+0.48)  -- i.e. the oracle does not kill more opponents, it re-attributes deaths
