field          n ourkills oursteps oppdeath  oppsuic takeable ourshare  kills/1e3 opp-alive-steps
peaceful     300    1.550    384.1    1.550    0.000    1.550   100.0%                      1.597
coin_coll    300    0.733    344.7    1.530    0.723    0.807    90.9%                      0.856
mixed        300    0.470    297.2    2.020    0.777    1.243    37.8%                      0.726
rule_based  1000    0.226    275.3    1.820    1.487    0.333    67.9%                      0.317

### B1 -- the killable pool, not the evasion quality
  peaceful    opponents die 1.550/round of which 0.000 by their own bomb -> only 1.550 deaths are available to anybody else; we take 1.550 = 100.0%
  coin_coll   opponents die 1.530/round of which 0.723 by their own bomb -> only 0.807 deaths are available to anybody else; we take 0.733 = 90.9%
  mixed       opponents die 2.020/round of which 0.777 by their own bomb -> only 1.243 deaths are available to anybody else; we take 0.470 = 37.8%
  rule_based  opponents die 1.820/round of which 1.487 by their own bomb -> only 0.333 deaths are available to anybody else; we take 0.226 = 67.9%

### death-attribution identity: sum(kills)+sum(suicides) - sum(died) per round
    (>0 means a single death was credited twice: own blast AND an opponent's blast)
  peaceful    mean excess +0.0000/round, positive in 0.0% of rounds, max 0
  coin_coll   mean excess +0.0667/round, positive in 6.3% of rounds, max 2
  mixed       mean excess +0.0900/round, positive in 8.7% of rounds, max 2
  rule_based  mean excess +0.3810/round, positive in 32.0% of rounds, max 4

### B2 -- normalising our own-bomb deaths
  peaceful    suicides/round 0.087  per 1000 of our steps 0.226  per 100 of our bombs 0.255  died 0.087  suicide share of our deaths 100.0%
  coin_coll   suicides/round 0.160  per 1000 of our steps 0.464  per 100 of our bombs 0.478  died 0.183  suicide share of our deaths 87.3%
  mixed       suicides/round 0.403  per 1000 of our steps 1.357  per 100 of our bombs 1.307  died 0.423  suicide share of our deaths 95.3%
  rule_based  suicides/round 0.488  per 1000 of our steps 1.772  per 100 of our bombs 1.687  died 0.536  suicide share of our deaths 91.0%

### how many opponent bombs are on the board at all? (bombs placed by opponents/round)
  peaceful    opponent bombs   0.00/round   opponent crates   0.00   our crates  93.92   total crates cleared  93.92
  coin_coll   opponent bombs  32.30/round   opponent crates  93.60   our crates  29.45   total crates cleared 123.04
  mixed       opponent bombs  35.41/round   opponent crates  81.42   our crates  41.40   total crates cleared 122.82
  rule_based  opponent bombs  59.65/round   opponent crates  89.16   our crates  33.55   total crates cleared 122.70
