rounds 200   alive steps 52132
distinct rows visited        1385 / 64000 (2.1641%)
effective rows (exp entropy) 298.8
  rows covering  50.0% of steps: 60
  rows covering  90.0% of steps: 304
  rows covering  95.0% of steps: 456
  rows covering  99.0% of steps: 912
  rows covering  99.9% of steps: 1333
rows visited >= 10 times: 472   >= 100: 141
safe   (digit5==0): 662 rows, 30262 steps (58.0%), effective 148.2
danger (digit5>0) : 723 rows, 21870 steps (42.0%), effective 155.8
digit marginals (value: share of steps):
  digit 1: 0:0.394  1:0.062  2:0.183  3:0.361
  digit 2: 0:0.439  1:0.069  2:0.098  3:0.394
  digit 3: 0:0.444  1:0.064  2:0.119  3:0.372
  digit 4: 0:0.393  1:0.046  2:0.094  3:0.467
  digit 5: 0:0.580  1:0.108  2:0.091  3:0.111  4:0.110
  digit 6: 0:0.022  1:0.284  2:0.311  3:0.227  4:0.155
  digit 7: 0:0.811  1:0.189
  digit 8: 0:0.144  1:0.173  2:0.244  3:0.223  4:0.215
rows with any nonzero Q in shipped table: 8186
visited rows that are all-zero in the table: 4
