rounds 200   our alive steps 55609   armed (bomb available) 20776 (37.4%)
  in_range                  5132  9.2287% of steps   24.7016% of armed steps
  trapped                    120  0.2158% of steps   0.5776% of armed steps
  trapped_safe               119  0.2140% of steps   0.5728% of armed steps
  crate_in_range            5716  10.2789% of steps   27.5125% of armed steps
  crate_only_safe           5011  9.0111% of steps   24.1192% of armed steps
  own_escape_exists        20569  36.9886% of steps   99.0037% of armed steps
  bomb_here_is_suicide       207  0.3722% of steps   0.9963% of armed steps

trapped-opportunity per round: 0.60 steps (and safe for us: 0.59); rounds with at least one: 36.00%
distinct opportunity *episodes* are fewer than steps -- a trapped opponent stays trapped for several consecutive steps.

what the greedy policy does:
  trapped_safe         n=   119  BOMB:0.454  DOWN:0.176  LEFT:0.160  WAIT:0.084  UP:0.076  RIGHT:0.050
  inrange_notrapped    n=  5012  BOMB:0.574  DOWN:0.255  LEFT:0.072  RIGHT:0.048  UP:0.038  WAIT:0.013
  crate_only           n=  5011  BOMB:0.532  DOWN:0.179  LEFT:0.114  UP:0.110  RIGHT:0.062  WAIT:0.003

trapped opportunities by step bucket:
  step   0- 49: 9
  step  50- 99: 33
  step 100-149: 16
  step 150-199: 19
  step 200-249: 18
  step 250-299: 17
  step 300-349: 4
  step 350-399: 4
