metric                           ctl     k4stale       k4sim       k8sim
our_kills                     0.2362      0.2585      0.2549      0.2519
opp_deaths                    1.8324      1.8684      1.8581      1.8715
opp_suicides                  1.4869      1.5325      1.5216      1.5328
opp_kills_total               0.5590      0.5230      0.5251      0.5241
opp_deaths_by_others          0.3455      0.3359      0.3365      0.3387
takeable_left                 0.1092      0.0774      0.0816      0.0869
total_deaths                  2.3680      2.3912      2.3830      2.3887
our_suicides                  0.4774      0.4637      0.4664      0.4537
our_score                     4.0086      4.0840      4.0616      3.9854
steps                       273.4671    279.3725    278.1925    276.4530
survived                      0.4644      0.4771      0.4751      0.4828
bombs                        28.8760     29.4239     29.2584     28.6373

paired diffs vs ctl (mean [95% normal CI], t)
-- k4stale
   our_kills                +0.0222 [+0.0078, +0.0367]  t=+3.01
   opp_deaths               +0.0360 [+0.0193, +0.0527]  t=+4.23
   opp_suicides             +0.0456 [+0.0242, +0.0671]  t=+4.17
   opp_kills_total          -0.0360 [-0.0573, -0.0147]  t=-3.32
   opp_deaths_by_others     -0.0096 [-0.0262, +0.0069]  t=-1.14
   takeable_left            -0.0319 [-0.0478, -0.0159]  t=-3.92
   total_deaths             +0.0232 [+0.0071, +0.0394]  t=+2.83
   our_suicides             -0.0136 [-0.0290, +0.0017]  t=-1.74
   our_score                +0.0754 [-0.0083, +0.1590]  t=+1.77
   steps                    +5.9054 [+1.8515, +9.9593]  t=+2.86
   survived                 +0.0127 [-0.0025, +0.0280]  t=+1.64
   bombs                    +0.5479 [+0.1144, +0.9813]  t=+2.48
-- k4sim
   our_kills                +0.0186 [+0.0042, +0.0330]  t=+2.53
   opp_deaths               +0.0257 [+0.0090, +0.0425]  t=+3.02
   opp_suicides             +0.0348 [+0.0136, +0.0559]  t=+3.21
   opp_kills_total          -0.0339 [-0.0549, -0.0128]  t=-3.16
   opp_deaths_by_others     -0.0090 [-0.0255, +0.0075]  t=-1.07
   takeable_left            -0.0276 [-0.0438, -0.0115]  t=-3.35
   total_deaths             +0.0150 [-0.0011, +0.0311]  t=+1.83
   our_suicides             -0.0110 [-0.0261, +0.0041]  t=-1.43
   our_score                +0.0530 [-0.0305, +0.1365]  t=+1.24
   steps                    +4.7254 [+0.6888, +8.7620]  t=+2.29
   survived                 +0.0107 [-0.0043, +0.0258]  t=+1.40
   bombs                    +0.3824 [-0.0492, +0.8139]  t=+1.74
-- k8sim
   our_kills                +0.0156 [+0.0012, +0.0300]  t=+2.13
   opp_deaths               +0.0391 [+0.0224, +0.0558]  t=+4.60
   opp_suicides             +0.0459 [+0.0247, +0.0670]  t=+4.25
   opp_kills_total          -0.0349 [-0.0558, -0.0140]  t=-3.27
   opp_deaths_by_others     -0.0067 [-0.0232, +0.0097]  t=-0.80
   takeable_left            -0.0224 [-0.0383, -0.0065]  t=-2.75
   total_deaths             +0.0208 [+0.0046, +0.0369]  t=+2.51
   our_suicides             -0.0236 [-0.0389, -0.0083]  t=-3.03
   our_score                -0.0232 [-0.1070, +0.0605]  t=-0.54
   steps                    +2.9859 [-1.1406, +7.1124]  t=+1.42
   survived                 +0.0184 [+0.0030, +0.0337]  t=+2.35
   bombs                    -0.2387 [-0.6772, +0.1997]  t=-1.07
