paired rounds 1000   (E40 ctl rounds 0-999 vs shipped_e37, SAME table, SAME arenas)
  score     ship    3.828  e40ctl    4.124  paired +0.2960 [+0.0652,+0.5268] t=+2.51  *
  coins     ship    2.758  e40ctl    2.854  paired +0.0960 [+0.0004,+0.1916] t=+1.97  *
  kills     ship    0.214  e40ctl    0.254  paired +0.0400 [+0.0002,+0.0798] t=+1.97  *
  suicides  ship    0.505  e40ctl    0.482  paired -0.0230 [-0.0674,+0.0214] t=-1.02
  crates    ship   33.280  e40ctl   33.625  paired +0.3450 [-0.3204,+1.0104] t=+1.02
  steps     ship  269.072  e40ctl  277.948  paired +8.8760 [-2.5329,+20.2849] t=+1.52
  moves     ship  208.678  e40ctl  215.627  paired +6.9490 [-1.9164,+15.8144] t=+1.54
  invalid   ship    4.606  e40ctl    4.772  paired +0.1660 [-0.1228,+0.4548] t=+1.13
  bombs     ship   28.311  e40ctl   29.321  paired +1.0100 [-0.2133,+2.2333] t=+1.62
  survived  ship    0.440  e40ctl    0.466  paired +0.0260 [-0.0180,+0.0700] t=+1.16
  won       ship    0.379  e40ctl    0.391  paired +0.0120 [-0.0276,+0.0516] t=+0.59
  think_over_limit total: 0.0
  think_max_ms max: 0.334
  identical own score in 207/1000 = 20.7% of rounds
  opp_score  ship    3.015  e40ctl    2.979  paired -0.0360 t=-0.67
  opp_suicides ship    0.505  e40ctl    0.493  paired -0.0120 t=-1.15
  opp_kills  ship    0.189  e40ctl    0.187  paired -0.0017 t=-0.17

  E40 ctl all 8000: 4.0086 +- 0.0323 (se)
  published runs of the same table at the same seed: 3.949 and 3.828 (mean 3.8885)
